------
1) maksimmartynov@MacBook-Air desktop % id

uid=501(maksimmartynov) gid=20(staff) groups=20(staff),12(everyone),61(localaccounts),79(_appserverusr),80(admin),81(_appserveradm),98(_lpadmin),33(_appstore),100(_lpoperator),204(_developer),250(_analyticsusers),395(com.apple.access_ftp),398(com.apple.access_screensharing),399(com.apple.access_ssh),400(com.apple.access_remote_ae)

2) maksimmartynov@MacBook-Air desktop % date

Thu Sep 10 14:19:15 MSK 2020

3) maksimmartynov@MacBook-Air desktop % pwd

/Users/maksimmartynov/desktop

4) maksimmartynov@MacBook-Air desktop % ls

IMG_2813.jpeg
Remarque-Erich-Maria-Der-schwarze-Obelisk.pdf
sample.txt

maksimmartynov@MacBook-Air desktop % ls -l

total 7984
-rw-r--r--@ 1 maksimmartynov  staff   379281 Sep  4 14:46 IMG_2813.jpeg
-rw-r--r--@ 1 maksimmartynov  staff  2958698 Sep  6 23:35 Remarque-Erich-Maria-Der-schwarze-Obelisk.pdf
-rw-r--r--@ 1 maksimmartynov  staff      747 Sep 10 14:22 sample.txt

5) maksimmartynov@MacBook-Air desktop % mkdir work
maksimmartynov@MacBook-Air desktop % cd work

6) maksimmartynov@MacBook-Air work % cat > digits.txt
0 1 2 3 4 5 6 7 8 9
maksimmartynov@MacBook-Air work % cat digits.txt

0 1 2 3 4 5 6 7 8 9

7) maksimmartynov@MacBook-Air work % cat > digits2.txt
0 1 2
0 1 2
 

8) maksimmartynov@MacBook-Air work % cat digits2.txt digits2.txt > digits4.txt
maksimmartynov@MacBook-Air work % cat digits4.txt digits4.txt > digits8.txt
maksimmartynov@MacBook-Air work % cat digits8.txt digits8.txt > digits16.txt
maksimmartynov@MacBook-Air work % cat digits16.txt digits16.txt > digits32.txt
maksimmartynov@MacBook-Air work % cat digits32.txt digits32.txt > digits64.txt
maksimmartynov@MacBook-Air work % cat digits.txt digits64.txt > digits65.txt

9) maksimmartynov@MacBook-Air work % wc digits65.txt

      65     202     404 digits65.txt 

10) maksimmartynov@MacBook-Air work % head -5 /etc/passwd | cat > first5.txt
maksimmartynov@MacBook-Air work % tail -5 /etc/passwd | cat > last5.txt

11) maksimmartynov@MacBook-Air work % ls -l /etc/ | cat > all_files.txt

12) maksimmartynov@MacBook-Air ~ % ls -l /etc/ | wc -l
     112

---------------------------------
Задание 1

1) maksimmartynov@MacBook-Air desktop % mkdir DirA DirB

maksimmartynov@MacBook-Air desktop % cd DirA

maksimmartynov@MacBook-Air DirA % cat > file1.txt
aaaa   

maksimmartynov@MacBook-Air DirA % cat > file2.txt
bbbb

maksimmartynov@MacBook-Air DirA % cd ..

maksimmartynov@MacBook-Air desktop % cd DirB

maksimmartynov@MacBook-Air DirB % cat > file1.txt
cccc

maksimmartynov@MacBook-Air DirB % cat > file2.txt
dddd

maksimmartynov@MacBook-Air DirB % cat ~/desktop/DirA/file1.txt ~/desktop/DirA/file2.txt file1.txt >> file2.txt

2) maksimmartynov@MacBook-Air DirB % rm -rf ~/desktop/DirA ~/desktop/DirB

-------------------------------
Задание 2

1) maksimmartynov@MacBook-Air desktop % grep 'maksimmartynov' /etc/passwd

2) maksimmartynov@MacBook-Air ~ % date -v2021y -v1m -v1d
Fri Jan  1 13:11:28 MSK 2021 -> Friday

-----------------------------
Задание 3

1) maksimmartynov@MacBook-Air desktop % id > file.txt
maksimmartynov@MacBook-Air desktop % ls -l >> file.txt
maksimmartynov@MacBook-Air desktop % ps >> file.txt
maksimmartynov@MacBook-Air desktop % date >> file.txt
maksimmartynov@MacBook-Air desktop % grep "file.txt" file.txt
-rw-r--r--@  1 maksimmartynov  staff       333 Sep 13 13:15 file.txt

2) maksimmartynov@MacBook-Air desktop % cal -y 2019 > file.txt

---------------------------
Задание 4

1) maksimmartynov@MacBook-Air ~ % ls /etc | grep ".conf" | head   
asl.conf
autofs.conf
kern_loader.conf
kern_loader.conf~previous
man.conf
newsyslog.conf
nfs.conf
nfs.conf~orig
notify.conf
ntp.conf

2) maksimmartynov@MacBook-Air desktop % mkdir useless
maksimmartynov@MacBook-Air useless % chmod u-x ~/desktop/useless

------------------------
Задание 5

1) maksimmartynov@MacBook-Air desktop % chmod 640 a.txt

2) maksimmartynov@MacBook-Air desktop % chmod g-r a.txt

-----------------------
Задание 6

1) maksimmartynov@MacBook-Air desktop % tar -czf archive.tar.gz a.txt b.txt

2) maksimmartynov@MacBook-Air desktop % tar -xzf archive.tar.gz

----------------------
Задание 7

1) maksimmartynov@MacBook-Air desktop % chmod 640 a.txt

2) maksimmartynov@MacBook-Air desktop % chmod ug-w

maksimmartynov@MacBook-Air desktop % chmod o+w a.txt

---------------------
Задание 8

1) maksimmartynov@MacBook-Air desktop % cd /usr/bin

maksimmartynov@MacBook-Air bin % ls | grep '^\z'
zcat
zcmp
zdiff
zegrep
zfgrep
zforce
zgrep
zip
zipcloak
zipdetails
zipdetails5.18
zipdetails5.28
zipgrep
zipinfo
zipnote
zipsplit
zless
zmore
znew
zprint

2) maksimmartynov@MacBook-Air desktop % find . -ctime -1

--------------------------
Задание 9

1) maksimmartynov@MacBook-Air ~ % find /usr/local . -user maksimmartynov | wc
244869  420790 25044989


2) maksimmartynov@MacBook-Air ~ % tail -5 /etc/passwd | wc -w
      11

---------------
Задание 10

1) maksimmartynov@MacBook-Air desktop %  > a.txt

maksimmartynov@MacBook-Air desktop % mkdir b

maksimmartynov@MacBook-Air desktop % ls -l
-rw-r--r--@  1 maksimmartynov  staff         0 Sep 13 23:01 a.txt
drwxr-xr-x@  2 maksimmartynov  staff        64 Sep 13 23:04 b

2) maksimmartynov@MacBook-Air desktop % cd /etc

maksimmartynov@MacBook-Air /etc % ls | grep ".conf" | head
asl.conf
autofs.conf
kern_loader.conf
kern_loader.conf~previous
man.conf
newsyslog.conf
nfs.conf
nfs.conf~orig
notify.conf
ntp.conf

---------------
Задание 11

1) maksimmartynov@MacBook-Air desktop % > a.txt

maksimmartynov@MacBook-Air desktop % chmod ug-w a.txt

maksimmartynov@MacBook-Air desktop % chmod o+w a.txt

2) maksimmartynov@MacBook-Air desktop % mv a.txt aaa.txt

maksimmartynov@MacBook-Air desktop % cat > aaa.txt
zsh: permission denied: aaa.txt

maksimmartynov@MacBook-Air desktop % chmod u+w aaa.txt
maksimmartynov@MacBook-Air desktop % cat > aaa.txt    
Now i can write
maksimmartynov@MacBook-Air desktop % rm aaa.txt










